
INFO:root:Hello world, this is GUSSS
INFO:root:Hello world, this is GUSSS
INFO:root:Hello world, this is GUSSS
